err: required argument "body" not found
output: ""
