{
  "err": "team must be a non-empty string (UUID, name, or key)",
  "output": ""
}