err: ""
output: |
    Initiative: Created Test Initiative 2
      ID: c6a7dd0c-cbe2-4101-906d-ddd97acb2241
      Description: Test Description
      URL: https://linear.app/linear-mcp-go-test/initiative/created-test-initiative-2-e209008074dc
