err: ''
output: |-
    Created issue TEST-10: Test Issue
    URL: https://linear.app/linear-mcp-go-test/issue/TEST-10/test-issue
