err: ""
output: |
    Milestone: Test Milestone 3.2
      ID: 7017befa-5b90-4511-9ddf-c1c6ae7ba99a
      Description: Test Description
      Target Date: 2024-12-31
      Project: Updated Project Name 2 (bfa49864-16c9-44db-994e-a11ba2b386f1)
