err: ""
output: |
    Project: Created Test Project
      ID: 1c3f69d6-ab7b-4339-906d-5d63bd3cc3bc
      State: backlog
      URL: https://linear.app/linear-mcp-go-test/project/created-test-project-d1e7a63515a4
      Lead: None
      Start Date: None
      Target Date: None
      Initiatives: None
