err: ""
output: |-
    Created Issue: TEST-64 (UUID: 412533f1-b23e-40b2-b6f0-0380b1cbe394)
    Title: Test Issue
    URL: https://linear.app/linear-mcp-go-test/issue/TEST-64/test-issue
