{
  "err": "",
  "output": "Created issue: TEST-32\nTitle: Test Issue\nURL: https://linear.app/linear-mcp-go-test/issue/TEST-32/test-issue"
}