{
  "err": "",
  "output": "Created issue: TEST-38\nTitle: Issue with Labels\nURL: https://linear.app/linear-mcp-go-test/issue/TEST-38/issue-with-labels"
}