err: required argument "name" not found
output: ""
