err: 'Failed to create milestone: GraphQL error: Argument Validation Error'
output: ""
