{
  "err": "",
  "output": "Created Issue: TEST-63 (UUID: 5b4ab24c-56c6-40b6-9673-1869eea1fd9d)\nTitle: Sub Issue with Labels\nURL: https://linear.app/linear-mcp-go-test/issue/TEST-63/sub-issue-with-labels"
}