{
  "err": "Failed to resolve team: no team found with identifier 'NonExistentTeam'",
  "output": ""
}