{
  "err": "teamId must be a non-empty string",
  "output": ""
}