{
  "err": "",
  "output": "Created issue: TEST-34\nTitle: Test Issue with team name\nURL: https://linear.app/linear-mcp-go-test/issue/TEST-34/test-issue-with-team-name"
}