err: 'Failed to create project: GraphQL error: Argument Validation Error'
output: ""
