err: ""
output: |-
    Created Issue: TEST-65 (UUID: c5e46aa6-b499-4471-8240-17767aee136d)
    Title: Test Issue with team UUID
    URL: https://linear.app/linear-mcp-go-test/issue/TEST-65/test-issue-with-team-uuid
