err: 'Failed to get milestone: milestone with name ''non-existent-milestone'' not found'
output: ""
