{
  "err": "issueId must be a non-empty string",
  "output": ""
}