err: 'Failed to get project: project with identifier ''non-existent-slug'' not found'
output: ""
