err: ""
output: |
    Milestone: Updated Milestone Name
      ID: c86acc00-3035-4a67-82f2-2a5bf6453e92
      Description: Updated Description
      Target Date: 2025-01-01
      Project: Updated Project Name 2 (bfa49864-16c9-44db-994e-a11ba2b386f1)
