err: 'Failed to get project: project with identifier ''NONEXISTENT-PROJECT'' not found'
output: ""
