err: ""
output: |
    Issue: TEST-10 (UUID: 1c2de93f-4321-4015-bfde-ee893ef7976f)
    Thread: ae3d62d6-3f40-4990-867b-5c97dd265a40 (replies to comment)

    Comments:
    - ID: 272b238c-8065-4b61-975c-903b2fb9825a
      User: Gero Leinemann (UUID: cc24eee4-9edc-4bfe-b91b-fedde125ba85)
      CreatedAt: 2025-03-30 14:16:58
      HasReplies: no
      Body: This is a reply to the comment
    - ID: 9d24080c-b7d0-4a23-8b3a-5cd7fe1eafd9
      User: Gero Leinemann (UUID: cc24eee4-9edc-4bfe-b91b-fedde125ba85)
      CreatedAt: 2025-03-30 14:11:59
      HasReplies: no
      Body: This is a reply to the comment

    Pagination:
    Has more comments: yes
    Next cursor: 9d24080c-b7d0-4a23-8b3a-5cd7fe1eafd9
