err: ""
output: |
    Initiative: Created Test Initiative
      ID: 3bb752a7-897e-4240-9306-01e48872fab3
      URL: https://linear.app/linear-mcp-go-test/initiative/created-test-initiative-7ed59af889f6
