err: ""
output: |
    Initiative: Push for MCP
      ID: 15e7c1bd-c0c5-4801-ac9a-8e98bf88ea7a
      URL: https://linear.app/linear-mcp-go-test/initiative/push-for-mcp-f45c0f78f676
