err: ""
output: |+
    Project: Totally different MCP project with no content
      ID: 473d62ae-38fe-4439-9007-08763e51bf88
      State: backlog
      URL: https://linear.app/linear-mcp-go-test/project/totally-different-mcp-project-with-no-content-29129640a673
      Description: Summary goes here

    Project: MCP tool investigation
      ID: 01bff2dd-ab7f-4464-b425-97073862013f
      State: backlog
      URL: https://linear.app/linear-mcp-go-test/project/mcp-tool-investigation-ae44897e42a7
      Description: Summary text goes here

