err: Query parameter may not be empty.
output: ""
