err: ""
output: |
    Project: Updated Project Name
      ID: bfa49864-16c9-44db-994e-a11ba2b386f1
      State: backlog
      URL: https://linear.app/linear-mcp-go-test/project/updated-project-name-e1153169a428
      Description: Updated Description
