err: 'Failed to get initiative: initiative with name ''non-existent-initiative'' not found'
output: ""
