err: ""
output: |-
    Updated Issue: TEST-10 (UUID: 1c2de93f-4321-4015-bfde-ee893ef7976f)
    URL: https://linear.app/linear-mcp-go-test/issue/TEST-10/updated-test-issue
