err: 'Failed to get project: project with identifier ''non-existent-project'' not found'
output: ""
