{
  "err": "id must be a non-empty string",
  "output": ""
}