err: ""
output: |
    Initiative: Updated Initiative Name
      ID: c6a7dd0c-cbe2-4101-906d-ddd97acb2241
      Description: Updated Description
      URL: https://linear.app/linear-mcp-go-test/initiative/updated-initiative-name-e209008074dc
