err: ""
output: |
    Milestone: Updated Milestone Name 22
      ID: 2d95299d-1341-484b-ab00-5cb587f2cc67
      Description: Updated Description
      Target Date: 2025-01-01
      Project: Updated Project Name 2 (bfa49864-16c9-44db-994e-a11ba2b386f1)
